====================================
System Health Report - Mon May 18 02:51:07 UTC 2026
====================================
CPU Usage:
%Cpu(s):  0.0 us,  0.0 sy,  0.0 ni,100.0 id,  0.0 wa,  0.0 hi,  0.0 si,  0.0 st 

Memory Usage:
               total        used        free      shared  buff/cache   available
Mem:           7.5Gi       524Mi       6.5Gi       3.5Mi       594Mi       7.0Gi
Swap:          2.0Gi          0B       2.0Gi

Disk Usage:
Filesystem      Size  Used Avail Use% Mounted on
none            3.8G     0  3.8G   0% /usr/lib/modules/6.6.87.2-microsoft-standard-WSL2
none            3.8G  4.0K  3.8G   1% /mnt/wsl
drivers         225G  147G   78G  66% /usr/lib/wsl/drivers
/dev/sdd       1007G  1.7G  954G   1% /
none            3.8G   72K  3.8G   1% /mnt/wslg
none            3.8G     0  3.8G   0% /usr/lib/wsl/lib
rootfs          3.8G  2.7M  3.8G   1% /init
none            3.8G  552K  3.8G   1% /run
none            3.8G     0  3.8G   0% /run/lock
none            3.8G     0  3.8G   0% /run/shm
none            3.8G   76K  3.8G   1% /mnt/wslg/versions.txt
none            3.8G   76K  3.8G   1% /mnt/wslg/doc
C:\             225G  147G   78G  66% /mnt/c
D:\             251G  102M  251G   1% /mnt/d
tmpfs           766M   20K  766M   1% /run/user/1000

Running Processes:
USER         PID %CPU %MEM    VSZ   RSS TTY      STAT START   TIME COMMAND
root         229  0.0  0.2 107024 22464 ?        Ssl  02:48   0:00 /usr/bin/python3 /usr/share/unattended-upgrades/unattended-upgrade-shutdown --wait-for-signal
root          43  0.7  0.1  50440 14924 ?        S<s  02:48   0:01 /usr/lib/systemd/systemd-journald
root         197  0.0  0.1 1756364 13104 ?       Ssl  02:48   0:00 /usr/libexec/wsl-pro-service
systemd+     147  0.0  0.1  21460 12816 ?        Ss   02:48   0:00 /usr/lib/systemd/systemd-resolved

Internet Connectivity:
Internet is working
Report generated successfully!

====================================
System Health Report - Mon May 18 02:53:26 UTC 2026
====================================
CPU Usage:
%Cpu(s):  0.0 us,  0.5 sy,  0.0 ni, 99.5 id,  0.0 wa,  0.0 hi,  0.0 si,  0.0 st 

Memory Usage:
               total        used        free      shared  buff/cache   available
Mem:           7.5Gi       525Mi       6.4Gi       3.5Mi       688Mi       7.0Gi
Swap:          2.0Gi          0B       2.0Gi

Disk Usage:
Filesystem      Size  Used Avail Use% Mounted on
none            3.8G     0  3.8G   0% /usr/lib/modules/6.6.87.2-microsoft-standard-WSL2
none            3.8G  4.0K  3.8G   1% /mnt/wsl
drivers         225G  147G   78G  66% /usr/lib/wsl/drivers
/dev/sdd       1007G  1.7G  954G   1% /
none            3.8G   76K  3.8G   1% /mnt/wslg
none            3.8G     0  3.8G   0% /usr/lib/wsl/lib
rootfs          3.8G  2.7M  3.8G   1% /init
none            3.8G  552K  3.8G   1% /run
none            3.8G     0  3.8G   0% /run/lock
none            3.8G     0  3.8G   0% /run/shm
none            3.8G   76K  3.8G   1% /mnt/wslg/versions.txt
none            3.8G   76K  3.8G   1% /mnt/wslg/doc
C:\             225G  147G   78G  66% /mnt/c
D:\             251G  102M  251G   1% /mnt/d
tmpfs           766M   20K  766M   1% /run/user/1000

Running Processes:
USER         PID %CPU %MEM    VSZ   RSS TTY      STAT START   TIME COMMAND
root         229  0.0  0.2 107024 22464 ?        Ssl  02:48   0:00 /usr/bin/python3 /usr/share/unattended-upgrades/unattended-upgrade-shutdown --wait-for-signal
root          43  0.7  0.1  66832 14960 ?        S<s  02:48   0:02 /usr/lib/systemd/systemd-journald
root         197  0.0  0.1 1756364 13104 ?       Ssl  02:48   0:00 /usr/libexec/wsl-pro-service
systemd+     147  0.0  0.1  21460 12816 ?        Ss   02:48   0:00 /usr/lib/systemd/systemd-resolved

Internet Connectivity:
Internet is working
Report generated successfully!

